Archive member included to satisfy reference by file (symbol)

c:/st/stm32cubeide_1.8.0/stm32cubeide/plugins/com.st.stm32cube.ide.mcu.externaltools.gnu-tools-for-stm32.9-2020-q2-update.win32_2.0.0.202105311346/tools/bin/../lib/gcc/arm-none-eabi/9.3.1/../../../../arm-none-eabi/lib/thumb/v6-m/nofp\libc_nano.a(lib_a-errno.o)
                              ./Core/Src/syscalls.o (__errno)
c:/st/stm32cubeide_1.8.0/stm32cubeide/plugins/com.st.stm32cube.ide.mcu.externaltools.gnu-tools-for-stm32.9-2020-q2-update.win32_2.0.0.202105311346/tools/bin/../lib/gcc/arm-none-eabi/9.3.1/../../../../arm-none-eabi/lib/thumb/v6-m/nofp\libc_nano.a(lib_a-exit.o)
                              c:/st/stm32cubeide_1.8.0/stm32cubeide/plugins/com.st.stm32cube.ide.mcu.externaltools.gnu-tools-for-stm32.9-2020-q2-update.win32_2.0.0.202105311346/tools/bin/../lib/gcc/arm-none-eabi/9.3.1/../../../../arm-none-eabi/lib/thumb/v6-m/nofp/crt0.o (exit)
c:/st/stm32cubeide_1.8.0/stm32cubeide/plugins/com.st.stm32cube.ide.mcu.externaltools.gnu-tools-for-stm32.9-2020-q2-update.win32_2.0.0.202105311346/tools/bin/../lib/gcc/arm-none-eabi/9.3.1/../../../../arm-none-eabi/lib/thumb/v6-m/nofp\libc_nano.a(lib_a-impure.o)
                              c:/st/stm32cubeide_1.8.0/stm32cubeide/plugins/com.st.stm32cube.ide.mcu.externaltools.gnu-tools-for-stm32.9-2020-q2-update.win32_2.0.0.202105311346/tools/bin/../lib/gcc/arm-none-eabi/9.3.1/../../../../arm-none-eabi/lib/thumb/v6-m/nofp\libc_nano.a(lib_a-exit.o) (_global_impure_ptr)
c:/st/stm32cubeide_1.8.0/stm32cubeide/plugins/com.st.stm32cube.ide.mcu.externaltools.gnu-tools-for-stm32.9-2020-q2-update.win32_2.0.0.202105311346/tools/bin/../lib/gcc/arm-none-eabi/9.3.1/../../../../arm-none-eabi/lib/thumb/v6-m/nofp\libc_nano.a(lib_a-init.o)
                              c:/st/stm32cubeide_1.8.0/stm32cubeide/plugins/com.st.stm32cube.ide.mcu.externaltools.gnu-tools-for-stm32.9-2020-q2-update.win32_2.0.0.202105311346/tools/bin/../lib/gcc/arm-none-eabi/9.3.1/../../../../arm-none-eabi/lib/thumb/v6-m/nofp/crt0.o (__libc_init_array)
c:/st/stm32cubeide_1.8.0/stm32cubeide/plugins/com.st.stm32cube.ide.mcu.externaltools.gnu-tools-for-stm32.9-2020-q2-update.win32_2.0.0.202105311346/tools/bin/../lib/gcc/arm-none-eabi/9.3.1/../../../../arm-none-eabi/lib/thumb/v6-m/nofp\libc_nano.a(lib_a-memset.o)
                              c:/st/stm32cubeide_1.8.0/stm32cubeide/plugins/com.st.stm32cube.ide.mcu.externaltools.gnu-tools-for-stm32.9-2020-q2-update.win32_2.0.0.202105311346/tools/bin/../lib/gcc/arm-none-eabi/9.3.1/../../../../arm-none-eabi/lib/thumb/v6-m/nofp/crt0.o (memset)
c:/st/stm32cubeide_1.8.0/stm32cubeide/plugins/com.st.stm32cube.ide.mcu.externaltools.gnu-tools-for-stm32.9-2020-q2-update.win32_2.0.0.202105311346/tools/bin/../lib/gcc/arm-none-eabi/9.3.1/thumb/v6-m/nofp\libgcc.a(_udivsi3.o)
                              ./Core/Src/system_stm32l0xx.o (__aeabi_uidiv)
c:/st/stm32cubeide_1.8.0/stm32cubeide/plugins/com.st.stm32cube.ide.mcu.externaltools.gnu-tools-for-stm32.9-2020-q2-update.win32_2.0.0.202105311346/tools/bin/../lib/gcc/arm-none-eabi/9.3.1/thumb/v6-m/nofp\libgcc.a(_dvmd_tls.o)
                              c:/st/stm32cubeide_1.8.0/stm32cubeide/plugins/com.st.stm32cube.ide.mcu.externaltools.gnu-tools-for-stm32.9-2020-q2-update.win32_2.0.0.202105311346/tools/bin/../lib/gcc/arm-none-eabi/9.3.1/thumb/v6-m/nofp\libgcc.a(_udivsi3.o) (__aeabi_idiv0)

Allocating common symbols
Common symbol       size              file

led                 0x8               ./Core/Src/main.o
buzzer              0x8               ./Core/Src/main.o
tens                0x4               ./Core/Src/main.o
aff1                0x8               ./Core/Src/main.o

Discarded input sections

 .text          0x0000000000000000        0x0 c:/st/stm32cubeide_1.8.0/stm32cubeide/plugins/com.st.stm32cube.ide.mcu.externaltools.gnu-tools-for-stm32.9-2020-q2-update.win32_2.0.0.202105311346/tools/bin/../lib/gcc/arm-none-eabi/9.3.1/thumb/v6-m/nofp/crti.o
 .data          0x0000000000000000        0x0 c:/st/stm32cubeide_1.8.0/stm32cubeide/plugins/com.st.stm32cube.ide.mcu.externaltools.gnu-tools-for-stm32.9-2020-q2-update.win32_2.0.0.202105311346/tools/bin/../lib/gcc/arm-none-eabi/9.3.1/thumb/v6-m/nofp/crti.o
 .bss           0x0000000000000000        0x0 c:/st/stm32cubeide_1.8.0/stm32cubeide/plugins/com.st.stm32cube.ide.mcu.externaltools.gnu-tools-for-stm32.9-2020-q2-update.win32_2.0.0.202105311346/tools/bin/../lib/gcc/arm-none-eabi/9.3.1/thumb/v6-m/nofp/crti.o
 .data          0x0000000000000000        0x4 c:/st/stm32cubeide_1.8.0/stm32cubeide/plugins/com.st.stm32cube.ide.mcu.externaltools.gnu-tools-for-stm32.9-2020-q2-update.win32_2.0.0.202105311346/tools/bin/../lib/gcc/arm-none-eabi/9.3.1/thumb/v6-m/nofp/crtbegin.o
[...]
Memory Configuration

Name             Origin             Length             Attributes
RAM              0x0000000020000000 0x0000000000002000 xrw
FLASH            0x0000000008000000 0x0000000000010000 xr
*default*        0x0000000000000000 0xffffffffffffffff

Linker script and memory map

LOAD c:/st/stm32cubeide_1.8.0/stm32cubeide/plugins/com.st.stm32cube.ide.mcu.externaltools.gnu-tools-for-stm32.9-2020-q2-update.win32_2.0.0.202105311346/tools/bin/../lib/gcc/arm-none-eabi/9.3.1/thumb/v6-m/nofp/crti.o
LOAD c:/st/stm32cubeide_1.8.0/stm32cubeide/plugins/com.st.stm32cube.ide.mcu.externaltools.gnu-tools-for-stm32.9-2020-q2-update.win32_2.0.0.202105311346/tools/bin/../lib/gcc/arm-none-eabi/9.3.1/thumb/v6-m/nofp/crtbegin.o
LOAD c:/st/stm32cubeide_1.8.0/stm32cubeide/plugins/com.st.stm32cube.ide.mcu.externaltools.gnu-tools-for-stm32.9-2020-q2-update.win32_2.0.0.202105311346/tools/bin/../lib/gcc/arm-none-eabi/9.3.1/../../../../arm-none-eabi/lib/thumb/v6-m/nofp/crt0.o
LOAD ./Core/Inc/adc_init.o
LOAD ./Core/Inc/afficheur.o
LOAD ./Core/Inc/buzzer.o
LOAD ./Core/Inc/led.o
LOAD ./Core/Src/main.o
LOAD ./Core/Src/stm32l0xx_it.o
LOAD ./Core/Src/syscalls.o
LOAD ./Core/Src/sysmem.o
LOAD ./Core/Src/system_stm32l0xx.o
LOAD ./Core/Startup/startup_stm32l053r8tx.o
LOAD ./Drivers/STM32L0xx_HAL_Driver/Src/stm32l0xx_ll_dma.o
LOAD ./Drivers/STM32L0xx_HAL_Driver/Src/stm32l0xx_ll_exti.o
LOAD ./Drivers/STM32L0xx_HAL_Driver/Src/stm32l0xx_ll_gpio.o
LOAD ./Drivers/STM32L0xx_HAL_Driver/Src/stm32l0xx_ll_pwr.o
LOAD ./Drivers/STM32L0xx_HAL_Driver/Src/stm32l0xx_ll_rcc.o
LOAD ./Drivers/STM32L0xx_HAL_Driver/Src/stm32l0xx_ll_usart.o
LOAD ./Drivers/STM32L0xx_HAL_Driver/Src/stm32l0xx_ll_utils.o
START GROUP
LOAD c:/st/stm32cubeide_1.8.0/stm32cubeide/plugins/com.st.stm32cube.ide.mcu.externaltools.gnu-tools-for-stm32.9-2020-q2-update.win32_2.0.0.202105311346/tools/bin/../lib/gcc/arm-none-eabi/9.3.1/../../../../arm-none-eabi/lib/thumb/v6-m/nofp\libc_nano.a
LOAD c:/st/stm32cubeide_1.8.0/stm32cubeide/plugins/com.st.stm32cube.ide.mcu.externaltools.gnu-tools-for-stm32.9-2020-q2-update.win32_2.0.0.202105311346/tools/bin/../lib/gcc/arm-none-eabi/9.3.1/../../../../arm-none-eabi/lib/thumb/v6-m/nofp\libm.a
END GROUP
START GROUP
LOAD c:/st/stm32cubeide_1.8.0/stm32cubeide/plugins/com.st.stm32cube.ide.mcu.externaltools.gnu-tools-for-stm32.9-2020-q2-update.win32_2.0.0.202105311346/tools/bin/../lib/gcc/arm-none-eabi/9.3.1/thumb/v6-m/nofp\libgcc.a
LOAD c:/st/stm32cubeide_1.8.0/stm32cubeide/plugins/com.st.stm32cube.ide.mcu.externaltools.gnu-tools-for-stm32.9-2020-q2-update.win32_2.0.0.202105311346/tools/bin/../lib/gcc/arm-none-eabi/9.3.1/../../../../arm-none-eabi/lib/thumb/v6-m/nofp\libc_nano.a
END GROUP
START GROUP
LOAD c:/st/stm32cubeide_1.8.0/stm32cubeide/plugins/com.st.stm32cube.ide.mcu.externaltools.gnu-tools-for-stm32.9-2020-q2-update.win32_2.0.0.202105311346/tools/bin/../lib/gcc/arm-none-eabi/9.3.1/thumb/v6-m/nofp\libgcc.a
LOAD c:/st/stm32cubeide_1.8.0/stm32cubeide/plugins/com.st.stm32cube.ide.mcu.externaltools.gnu-tools-for-stm32.9-2020-q2-update.win32_2.0.0.202105311346/tools/bin/../lib/gcc/arm-none-eabi/9.3.1/../../../../arm-none-eabi/lib/thumb/v6-m/nofp\libc_nano.a
LOAD c:/st/stm32cubeide_1.8.0/stm32cubeide/plugins/com.st.stm32cube.ide.mcu.externaltools.gnu-tools-for-stm32.9-2020-q2-update.win32_2.0.0.202105311346/tools/bin/../lib/gcc/arm-none-eabi/9.3.1/../../../../arm-none-eabi/lib/thumb/v6-m/nofp\libnosys.a
END GROUP
START GROUP
LOAD c:/st/stm32cubeide_1.8.0/stm32cubeide/plugins/com.st.stm32cube.ide.mcu.externaltools.gnu-tools-for-stm32.9-2020-q2-update.win32_2.0.0.202105311346/tools/bin/../lib/gcc/arm-none-eabi/9.3.1/thumb/v6-m/nofp\libgcc.a
LOAD c:/st/stm32cubeide_1.8.0/stm32cubeide/plugins/com.st.stm32cube.ide.mcu.externaltools.gnu-tools-for-stm32.9-2020-q2-update.win32_2.0.0.202105311346/tools/bin/../lib/gcc/arm-none-eabi/9.3.1/../../../../arm-none-eabi/lib/thumb/v6-m/nofp\libc_nano.a
LOAD c:/st/stm32cubeide_1.8.0/stm32cubeide/plugins/com.st.stm32cube.ide.mcu.externaltools.gnu-tools-for-stm32.9-2020-q2-update.win32_2.0.0.202105311346/tools/bin/../lib/gcc/arm-none-eabi/9.3.1/../../../../arm-none-eabi/lib/thumb/v6-m/nofp\libnosys.a
END GROUP
LOAD c:/st/stm32cubeide_1.8.0/stm32cubeide/plugins/com.st.stm32cube.ide.mcu.externaltools.gnu-tools-for-stm32.9-2020-q2-update.win32_2.0.0.202105311346/tools/bin/../lib/gcc/arm-none-eabi/9.3.1/thumb/v6-m/nofp/crtend.o
LOAD c:/st/stm32cubeide_1.8.0/stm32cubeide/plugins/com.st.stm32cube.ide.mcu.externaltools.gnu-tools-for-stm32.9-2020-q2-update.win32_2.0.0.202105311346/tools/bin/../lib/gcc/arm-none-eabi/9.3.1/thumb/v6-m/nofp/crtn.o
                0x0000000020002000                _estack = (ORIGIN (RAM) + LENGTH (RAM))
                0x0000000000000200                _Min_Heap_Size = 0x200
                0x0000000000000400                _Min_Stack_Size = 0x400

.isr_vector     0x0000000008000000       0xc0
                0x0000000008000000                . = ALIGN (0x4)
 *(.isr_vector)
 .isr_vector    0x0000000008000000       0xc0 ./Core/Startup/startup_stm32l053r8tx.o
                0x0000000008000000                g_pfnVectors
                0x00000000080000c0                . = ALIGN (0x4)

.text           0x00000000080000c0     0x1da8
                0x00000000080000c0                . = ALIGN (0x4)
 *(.text)
 .text          0x00000000080000c0       0x48 c:/st/stm32cubeide_1.8.0/stm32cubeide/plugins/com.st.stm32cube.ide.mcu.externaltools.gnu-tools-for-stm32.9-2020-q2-update.win32_2.0.0.202105311346/tools/bin/../lib/gcc/arm-none-eabi/9.3.1/thumb/v6-m/nofp/crtbegin.o
 .text          0x0000000008000108      0x114 c:/st/stm32cubeide_1.8.0/stm32cubeide/plugins/com.st.stm32cube.ide.mcu.externaltools.gnu-tools-for-stm32.9-2020-q2-update.win32_2.0.0.202105311346/tools/bin/../lib/gcc/arm-none-eabi/9.3.1/thumb/v6-m/nofp\libgcc.a(_udivsi3.o)
                0x0000000008000108                __aeabi_uidiv
                0x0000000008000108                __udivsi3
                0x0000000008000214                __aeabi_uidivmod
 .text          0x000000000800021c        0x4 c:/st/stm32cubeide_1.8.0/stm32cubeide/plugins/com.st.stm32cube.ide.mcu.externaltools.gnu-tools-for-stm32.9-2020-q2-update.win32_2.0.0.202105311346/tools/bin/../lib/gcc/arm-none-eabi/9.3.1/thumb/v6-m/nofp\libgcc.a(_dvmd_tls.o)
                0x000000000800021c                __aeabi_idiv0
                0x000000000800021c                __aeabi_ldiv0
 *(.text*)
 .text.ADC_init
                0x0000000008000220      0x100 ./Core/Inc/adc_init.o
                0x0000000008000220                ADC_init
 .text.init_entree
                0x0000000008000320      0x1d4 ./Core/Inc/afficheur.o
                0x0000000008000320                init_entree
 .text.afficher_distance
                0x00000000080004f4      0x4d4 ./Core/Inc/afficheur.o
                0x00000000080004f4                afficher_distance
 .text.buzzer_init
                0x00000000080009c8       0x8c ./Core/Inc/buzzer.o
                0x00000000080009c8                buzzer_init
 .text.buzzer_turnOn
                0x0000000008000a54       0x2a ./Core/Inc/buzzer.o
                0x0000000008000a54                buzzer_turnOn
 .text.buzzer_turnOff
                0x0000000008000a7e       0x2c ./Core/Inc/buzzer.o
                0x0000000008000a7e                buzzer_turnOff
 *fill*         0x0000000008000aaa        0x2 
 .text.Led_init
                0x0000000008000aac       0x8c ./Core/Inc/led.o
                0x0000000008000aac                Led_init
 .text.Led_turnOn
                0x0000000008000b38       0x2a ./Core/Inc/led.o
                0x0000000008000b38                Led_turnOn
 .text.Led_turnOff
                0x0000000008000b62       0x2c ./Core/Inc/led.o
                0x0000000008000b62                Led_turnOff
 .text.Led_toggle
                0x0000000008000b8e       0x3c ./Core/Inc/led.o
                0x0000000008000b8e                Led_toggle
 .text.Led_isOn
                0x0000000008000bca       0x2a ./Core/Inc/led.o
                0x0000000008000bca                Led_isOn
 .text.Led_isOff
                0x0000000008000bf4       0x2a ./Core/Inc/led.o
                0x0000000008000bf4                Led_isOff
 *fill*         0x0000000008000c1e        0x2 
 .text.LL_RCC_HSI_Enable
                0x0000000008000c20       0x1c ./Core/Src/main.o
 .text.LL_RCC_HSI_IsReady
                0x0000000008000c3c       0x20 ./Core/Src/main.o
 .text.LL_RCC_HSI_SetCalibTrimming
                0x0000000008000c5c       0x2c ./Core/Src/main.o
 .text.LL_RCC_SetSysClkSource
                0x0000000008000c88       0x28 ./Core/Src/main.o
 .text.LL_RCC_GetSysClkSource
                0x0000000008000cb0       0x18 ./Core/Src/main.o
 .text.LL_RCC_SetAHBPrescaler
                0x0000000008000cc8       0x28 ./Core/Src/main.o
 .text.LL_RCC_SetAPB1Prescaler
                0x0000000008000cf0       0x2c ./Core/Src/main.o
 .text.LL_RCC_SetAPB2Prescaler
                0x0000000008000d1c       0x2c ./Core/Src/main.o
 .text.LL_RCC_SetUSARTClockSource
                0x0000000008000d48       0x30 ./Core/Src/main.o
 .text.LL_APB1_GRP1_EnableClock
                0x0000000008000d78       0x2c ./Core/Src/main.o
 .text.LL_APB2_GRP1_EnableClock
                0x0000000008000da4       0x2c ./Core/Src/main.o
 .text.LL_IOP_GRP1_EnableClock
                0x0000000008000dd0       0x2c ./Core/Src/main.o
 .text.LL_SYSCFG_SetEXTISource
                0x0000000008000dfc       0x4c ./Core/Src/main.o
 .text.LL_FLASH_SetLatency
                0x0000000008000e48       0x28 ./Core/Src/main.o
 .text.LL_FLASH_GetLatency
                0x0000000008000e70       0x18 ./Core/Src/main.o
 .text.LL_PWR_SetRegulVoltageScaling
                0x0000000008000e88       0x2c ./Core/Src/main.o
 .text.LL_USART_Enable
                0x0000000008000eb4       0x1c ./Core/Src/main.o
 .text.LL_USART_ConfigAsyncMode
                0x0000000008000ed0       0x30 ./Core/Src/main.o
 .text.LL_GPIO_SetPinMode
                0x0000000008000f00       0x38 ./Core/Src/main.o
 .text.LL_GPIO_SetPinPull
                0x0000000008000f38       0x38 ./Core/Src/main.o
 .text.LL_GPIO_ResetOutputPin
                0x0000000008000f70       0x18 ./Core/Src/main.o
 .text.main     0x0000000008000f88       0xfc ./Core/Src/main.o
                0x0000000008000f88                main
 .text.SystemClock_Config
                0x0000000008001084       0x7c ./Core/Src/main.o
                0x0000000008001084                SystemClock_Config
 .text.MX_USART2_UART_Init
                0x0000000008001100       0xf0 ./Core/Src/main.o
 .text.MX_GPIO_Init
                0x00000000080011f0       0xc8 ./Core/Src/main.o
 .text.NMI_Handler
                0x00000000080012b8        0x6 ./Core/Src/stm32l0xx_it.o
                0x00000000080012b8                NMI_Handler
 .text.HardFault_Handler
                0x00000000080012be        0x6 ./Core/Src/stm32l0xx_it.o
                0x00000000080012be                HardFault_Handler
 .text.SVC_Handler
                0x00000000080012c4        0xa ./Core/Src/stm32l0xx_it.o
                0x00000000080012c4                SVC_Handler
 .text.PendSV_Handler
                0x00000000080012ce        0xa ./Core/Src/stm32l0xx_it.o
                0x00000000080012ce                PendSV_Handler
 .text.SysTick_Handler
                0x00000000080012d8        0xa ./Core/Src/stm32l0xx_it.o
                0x00000000080012d8                SysTick_Handler
 .text.SystemInit
                0x00000000080012e2        0xa ./Core/Src/system_stm32l0xx.o
                0x00000000080012e2                SystemInit
 .text.Reset_Handler
                0x00000000080012ec       0x50 ./Core/Startup/startup_stm32l053r8tx.o
                0x00000000080012ec                Reset_Handler
 .text.Default_Handler
                0x000000000800133c        0x2 ./Core/Startup/startup_stm32l053r8tx.o
                0x000000000800133c                TSC_IRQHandler
                0x000000000800133c                ADC1_COMP_IRQHandler
                0x000000000800133c                PVD_IRQHandler
                0x000000000800133c                I2C1_IRQHandler
                0x000000000800133c                RCC_CRS_IRQHandler
                0x000000000800133c                SPI1_IRQHandler
                0x000000000800133c                TIM6_DAC_IRQHandler
                0x000000000800133c                EXTI2_3_IRQHandler
                0x000000000800133c                I2C2_IRQHandler
                0x000000000800133c                RTC_IRQHandler
                0x000000000800133c                LCD_IRQHandler
                0x000000000800133c                DMA1_Channel4_5_6_7_IRQHandler
                0x000000000800133c                EXTI4_15_IRQHandler
                0x000000000800133c                DMA1_Channel1_IRQHandler
                0x000000000800133c                Default_Handler
                0x000000000800133c                TIM22_IRQHandler
                0x000000000800133c                EXTI0_1_IRQHandler
                0x000000000800133c                USB_IRQHandler
                0x000000000800133c                SPI2_IRQHandler
                0x000000000800133c                TIM21_IRQHandler
                0x000000000800133c                WWDG_IRQHandler
                0x000000000800133c                TIM2_IRQHandler
                0x000000000800133c                DMA1_Channel2_3_IRQHandler
                0x000000000800133c                USART2_IRQHandler
                0x000000000800133c                FLASH_IRQHandler
                0x000000000800133c                USART1_IRQHandler
                0x000000000800133c                RNG_LPUART1_IRQHandler
                0x000000000800133c                LPTIM1_IRQHandler
 *fill*         0x000000000800133e        0x2 
 .text.LL_EXTI_EnableIT_0_31
                0x0000000008001340       0x20 ./Drivers/STM32L0xx_HAL_Driver/Src/stm32l0xx_ll_exti.o
 .text.LL_EXTI_DisableIT_0_31
                0x0000000008001360       0x24 ./Drivers/STM32L0xx_HAL_Driver/Src/stm32l0xx_ll_exti.o
 .text.LL_EXTI_EnableEvent_0_31
                0x0000000008001384       0x20 ./Drivers/STM32L0xx_HAL_Driver/Src/stm32l0xx_ll_exti.o
 .text.LL_EXTI_DisableEvent_0_31
                0x00000000080013a4       0x24 ./Drivers/STM32L0xx_HAL_Driver/Src/stm32l0xx_ll_exti.o
 .text.LL_EXTI_EnableRisingTrig_0_31
                0x00000000080013c8       0x20 ./Drivers/STM32L0xx_HAL_Driver/Src/stm32l0xx_ll_exti.o
 .text.LL_EXTI_DisableRisingTrig_0_31
                0x00000000080013e8       0x24 ./Drivers/STM32L0xx_HAL_Driver/Src/stm32l0xx_ll_exti.o
 .text.LL_EXTI_EnableFallingTrig_0_31
                0x000000000800140c       0x20 ./Drivers/STM32L0xx_HAL_Driver/Src/stm32l0xx_ll_exti.o
 .text.LL_EXTI_DisableFallingTrig_0_31
                0x000000000800142c       0x24 ./Drivers/STM32L0xx_HAL_Driver/Src/stm32l0xx_ll_exti.o
 .text.LL_EXTI_Init
                0x0000000008001450      0x112 ./Drivers/STM32L0xx_HAL_Driver/Src/stm32l0xx_ll_exti.o
                0x0000000008001450                LL_EXTI_Init
 .text.LL_GPIO_SetPinMode
                0x0000000008001562       0x38 ./Drivers/STM32L0xx_HAL_Driver/Src/stm32l0xx_ll_gpio.o
 .text.LL_GPIO_SetPinOutputType
                0x000000000800159a       0x2a ./Drivers/STM32L0xx_HAL_Driver/Src/stm32l0xx_ll_gpio.o
 .text.LL_GPIO_SetPinSpeed
                0x00000000080015c4       0x38 ./Drivers/STM32L0xx_HAL_Driver/Src/stm32l0xx_ll_gpio.o
 .text.LL_GPIO_SetPinPull
                0x00000000080015fc       0x38 ./Drivers/STM32L0xx_HAL_Driver/Src/stm32l0xx_ll_gpio.o
 .text.LL_GPIO_SetAFPin_0_7
                0x0000000008001634       0x46 ./Drivers/STM32L0xx_HAL_Driver/Src/stm32l0xx_ll_gpio.o
 .text.LL_GPIO_SetAFPin_8_15
                0x000000000800167a       0x5a ./Drivers/STM32L0xx_HAL_Driver/Src/stm32l0xx_ll_gpio.o
 .text.LL_GPIO_Init
                0x00000000080016d4       0xbc ./Drivers/STM32L0xx_HAL_Driver/Src/stm32l0xx_ll_gpio.o
                0x00000000080016d4                LL_GPIO_Init
 .text.LL_RCC_HSI_IsReady
                0x0000000008001790       0x20 ./Drivers/STM32L0xx_HAL_Driver/Src/stm32l0xx_ll_rcc.o
 .text.LL_RCC_LSE_IsReady
                0x00000000080017b0       0x28 ./Drivers/STM32L0xx_HAL_Driver/Src/stm32l0xx_ll_rcc.o
 .text.LL_RCC_MSI_GetRange
                0x00000000080017d8       0x18 ./Drivers/STM32L0xx_HAL_Driver/Src/stm32l0xx_ll_rcc.o
 .text.LL_RCC_GetSysClkSource
                0x00000000080017f0       0x18 ./Drivers/STM32L0xx_HAL_Driver/Src/stm32l0xx_ll_rcc.o
 .text.LL_RCC_GetAHBPrescaler
                0x0000000008001808       0x18 ./Drivers/STM32L0xx_HAL_Driver/Src/stm32l0xx_ll_rcc.o
 .text.LL_RCC_GetAPB1Prescaler
                0x0000000008001820       0x18 ./Drivers/STM32L0xx_HAL_Driver/Src/stm32l0xx_ll_rcc.o
 .text.LL_RCC_GetAPB2Prescaler
                0x0000000008001838       0x18 ./Drivers/STM32L0xx_HAL_Driver/Src/stm32l0xx_ll_rcc.o
 .text.LL_RCC_GetUSARTClockSource
                0x0000000008001850       0x24 ./Drivers/STM32L0xx_HAL_Driver/Src/stm32l0xx_ll_rcc.o
 .text.LL_RCC_PLL_GetMainSource
                0x0000000008001874       0x18 ./Drivers/STM32L0xx_HAL_Driver/Src/stm32l0xx_ll_rcc.o
 .text.LL_RCC_PLL_GetMultiplicator
                0x000000000800188c       0x18 ./Drivers/STM32L0xx_HAL_Driver/Src/stm32l0xx_ll_rcc.o
 .text.LL_RCC_PLL_GetDivider
                0x00000000080018a4       0x18 ./Drivers/STM32L0xx_HAL_Driver/Src/stm32l0xx_ll_rcc.o
 .text.LL_RCC_IsActiveFlag_HSIDIV
                0x00000000080018bc       0x20 ./Drivers/STM32L0xx_HAL_Driver/Src/stm32l0xx_ll_rcc.o
 .text.LL_RCC_GetUSARTClockFreq
                0x00000000080018dc      0x140 ./Drivers/STM32L0xx_HAL_Driver/Src/stm32l0xx_ll_rcc.o
                0x00000000080018dc                LL_RCC_GetUSARTClockFreq
 .text.RCC_GetSystemClockFreq
                0x0000000008001a1c       0x88 ./Drivers/STM32L0xx_HAL_Driver/Src/stm32l0xx_ll_rcc.o
 .text.RCC_GetHCLKClockFreq
                0x0000000008001aa4       0x2c ./Drivers/STM32L0xx_HAL_Driver/Src/stm32l0xx_ll_rcc.o
 .text.RCC_GetPCLK1ClockFreq
                0x0000000008001ad0       0x28 ./Drivers/STM32L0xx_HAL_Driver/Src/stm32l0xx_ll_rcc.o
 .text.RCC_GetPCLK2ClockFreq
                0x0000000008001af8       0x28 ./Drivers/STM32L0xx_HAL_Driver/Src/stm32l0xx_ll_rcc.o
 .text.RCC_PLL_GetFreqDomain_SYS
                0x0000000008001b20       0x70 ./Drivers/STM32L0xx_HAL_Driver/Src/stm32l0xx_ll_rcc.o
 .text.LL_USART_IsEnabled
                0x0000000008001b90       0x22 ./Drivers/STM32L0xx_HAL_Driver/Src/stm32l0xx_ll_usart.o
 *fill*         0x0000000008001bb2        0x2 
 .text.LL_USART_SetStopBitsLength
                0x0000000008001bb4       0x28 ./Drivers/STM32L0xx_HAL_Driver/Src/stm32l0xx_ll_usart.o
 .text.LL_USART_SetHWFlowCtrl
                0x0000000008001bdc       0x28 ./Drivers/STM32L0xx_HAL_Driver/Src/stm32l0xx_ll_usart.o
 .text.LL_USART_SetBaudRate
                0x0000000008001c04       0x78 ./Drivers/STM32L0xx_HAL_Driver/Src/stm32l0xx_ll_usart.o
 .text.LL_USART_Init
                0x0000000008001c7c       0xc8 ./Drivers/STM32L0xx_HAL_Driver/Src/stm32l0xx_ll_usart.o
                0x0000000008001c7c                LL_USART_Init
 .text.LL_InitTick
                0x0000000008001d44       0x34 ./Drivers/STM32L0xx_HAL_Driver/Src/stm32l0xx_ll_utils.o
 .text.LL_Init1msTick
                0x0000000008001d78       0x1e ./Drivers/STM32L0xx_HAL_Driver/Src/stm32l0xx_ll_utils.o
                0x0000000008001d78                LL_Init1msTick
 *fill*         0x0000000008001d96        0x2 
 .text.LL_mDelay
                0x0000000008001d98       0x44 ./Drivers/STM32L0xx_HAL_Driver/Src/stm32l0xx_ll_utils.o
                0x0000000008001d98                LL_mDelay
 .text.LL_SetSystemCoreClock
                0x0000000008001ddc       0x1c ./Drivers/STM32L0xx_HAL_Driver/Src/stm32l0xx_ll_utils.o
                0x0000000008001ddc                LL_SetSystemCoreClock
 .text.__libc_init_array
                0x0000000008001df8       0x48 c:/st/stm32cubeide_1.8.0/stm32cubeide/plugins/com.st.stm32cube.ide.mcu.externaltools.gnu-tools-for-stm32.9-2020-q2-update.win32_2.0.0.202105311346/tools/bin/../lib/gcc/arm-none-eabi/9.3.1/../../../../arm-none-eabi/lib/thumb/v6-m/nofp\libc_nano.a(lib_a-init.o)
                0x0000000008001df8                __libc_init_array
 .text.memset   0x0000000008001e40       0x10 c:/st/stm32cubeide_1.8.0/stm32cubeide/plugins/com.st.stm32cube.ide.mcu.externaltools.gnu-tools-for-stm32.9-2020-q2-update.win32_2.0.0.202105311346/tools/bin/../lib/gcc/arm-none-eabi/9.3.1/../../../../arm-none-eabi/lib/thumb/v6-m/nofp\libc_nano.a(lib_a-memset.o)
                0x0000000008001e40                memset
 *(.glue_7)
 .glue_7        0x0000000008001e50        0x0 linker stubs
 *(.glue_7t)
 .glue_7t       0x0000000008001e50        0x0 linker stubs
 *(.eh_frame)
 .eh_frame      0x0000000008001e50        0x0 c:/st/stm32cubeide_1.8.0/stm32cubeide/plugins/com.st.stm32cube.ide.mcu.externaltools.gnu-tools-for-stm32.9-2020-q2-update.win32_2.0.0.202105311346/tools/bin/../lib/gcc/arm-none-eabi/9.3.1/thumb/v6-m/nofp/crtbegin.o
 *(.init)
 .init          0x0000000008001e50        0x4 c:/st/stm32cubeide_1.8.0/stm32cubeide/plugins/com.st.stm32cube.ide.mcu.externaltools.gnu-tools-for-stm32.9-2020-q2-update.win32_2.0.0.202105311346/tools/bin/../lib/gcc/arm-none-eabi/9.3.1/thumb/v6-m/nofp/crti.o
                0x0000000008001e50                _init
 .init          0x0000000008001e54        0x8 c:/st/stm32cubeide_1.8.0/stm32cubeide/plugins/com.st.stm32cube.ide.mcu.externaltools.gnu-tools-for-stm32.9-2020-q2-update.win32_2.0.0.202105311346/tools/bin/../lib/gcc/arm-none-eabi/9.3.1/thumb/v6-m/nofp/crtn.o
 *(.fini)
 .fini          0x0000000008001e5c        0x4 c:/st/stm32cubeide_1.8.0/stm32cubeide/plugins/com.st.stm32cube.ide.mcu.externaltools.gnu-tools-for-stm32.9-2020-q2-update.win32_2.0.0.202105311346/tools/bin/../lib/gcc/arm-none-eabi/9.3.1/thumb/v6-m/nofp/crti.o
                0x0000000008001e5c                _fini
 .fini          0x0000000008001e60        0x8 c:/st/stm32cubeide_1.8.0/stm32cubeide/plugins/com.st.stm32cube.ide.mcu.externaltools.gnu-tools-for-stm32.9-2020-q2-update.win32_2.0.0.202105311346/tools/bin/../lib/gcc/arm-none-eabi/9.3.1/thumb/v6-m/nofp/crtn.o
                0x0000000008001e68                . = ALIGN (0x4)
                0x0000000008001e68                _etext = .

.vfp11_veneer   0x0000000008001e68        0x0
 .vfp11_veneer  0x0000000008001e68        0x0 linker stubs

.v4_bx          0x0000000008001e68        0x0
 .v4_bx         0x0000000008001e68        0x0 linker stubs

.iplt           0x0000000008001e68        0x0
 .iplt          0x0000000008001e68        0x0 c:/st/stm32cubeide_1.8.0/stm32cubeide/plugins/com.st.stm32cube.ide.mcu.externaltools.gnu-tools-for-stm32.9-2020-q2-update.win32_2.0.0.202105311346/tools/bin/../lib/gcc/arm-none-eabi/9.3.1/thumb/v6-m/nofp/crtbegin.o

.rodata         0x0000000008001e68       0x24
                0x0000000008001e68                . = ALIGN (0x4)
 *(.rodata)
 *(.rodata*)
 .rodata.AHBPrescTable
                0x0000000008001e68       0x10 ./Core/Src/system_stm32l0xx.o
                0x0000000008001e68                AHBPrescTable
 .rodata.APBPrescTable
                0x0000000008001e78        0x8 ./Core/Src/system_stm32l0xx.o
                0x0000000008001e78                APBPrescTable
 .rodata.PLLMulTable
                0x0000000008001e80        0x9 ./Core/Src/system_stm32l0xx.o
                0x0000000008001e80                PLLMulTable
                0x0000000008001e8c                . = ALIGN (0x4)
 *fill*         0x0000000008001e89        0x3 

.rel.dyn        0x0000000008001e8c        0x0
 .rel.iplt      0x0000000008001e8c        0x0 c:/st/stm32cubeide_1.8.0/stm32cubeide/plugins/com.st.stm32cube.ide.mcu.externaltools.gnu-tools-for-stm32.9-2020-q2-update.win32_2.0.0.202105311346/tools/bin/../lib/gcc/arm-none-eabi/9.3.1/thumb/v6-m/nofp/crtbegin.o

.ARM.extab      0x0000000008001e8c        0x0
                0x0000000008001e8c                . = ALIGN (0x4)
 *(.ARM.extab* .gnu.linkonce.armextab.*)
                0x0000000008001e8c                . = ALIGN (0x4)

.ARM            0x0000000008001e8c        0x0
                0x0000000008001e8c                . = ALIGN (0x4)
                0x0000000008001e8c                __exidx_start = .
 *(.ARM.exidx*)
                0x0000000008001e8c                __exidx_end = .
                0x0000000008001e8c                . = ALIGN (0x4)

.preinit_array  0x0000000008001e8c        0x0
                0x0000000008001e8c                . = ALIGN (0x4)
                0x0000000008001e8c                PROVIDE (__preinit_array_start = .)
 *(.preinit_array*)
                0x0000000008001e8c                PROVIDE (__preinit_array_end = .)
                0x0000000008001e8c                . = ALIGN (0x4)

.init_array     0x0000000008001e8c        0x4
                0x0000000008001e8c                . = ALIGN (0x4)
                0x0000000008001e8c                PROVIDE (__init_array_start = .)
 *(SORT_BY_NAME(.init_array.*))
 *(.init_array*)
 .init_array    0x0000000008001e8c        0x4 c:/st/stm32cubeide_1.8.0/stm32cubeide/plugins/com.st.stm32cube.ide.mcu.externaltools.gnu-tools-for-stm32.9-2020-q2-update.win32_2.0.0.202105311346/tools/bin/../lib/gcc/arm-none-eabi/9.3.1/thumb/v6-m/nofp/crtbegin.o
                0x0000000008001e90                PROVIDE (__init_array_end = .)
                0x0000000008001e90                . = ALIGN (0x4)

.fini_array     0x0000000008001e90        0x4
                0x0000000008001e90                . = ALIGN (0x4)
                [!provide]                        PROVIDE (__fini_array_start = .)
 *(SORT_BY_NAME(.fini_array.*))
 *(.fini_array*)
 .fini_array    0x0000000008001e90        0x4 c:/st/stm32cubeide_1.8.0/stm32cubeide/plugins/com.st.stm32cube.ide.mcu.externaltools.gnu-tools-for-stm32.9-2020-q2-update.win32_2.0.0.202105311346/tools/bin/../lib/gcc/arm-none-eabi/9.3.1/thumb/v6-m/nofp/crtbegin.o
                [!provide]                        PROVIDE (__fini_array_end = .)
                0x0000000008001e94                . = ALIGN (0x4)
                0x0000000008001e94                _sidata = LOADADDR (.data)

.data           0x0000000020000000        0x4 load address 0x0000000008001e94
                0x0000000020000000                . = ALIGN (0x4)
                0x0000000020000000                _sdata = .
 *(.data)
 *(.data*)
 .data.SystemCoreClock
                0x0000000020000000        0x4 ./Core/Src/system_stm32l0xx.o
                0x0000000020000000                SystemCoreClock
 *(.RamFunc)
 *(.RamFunc*)
                0x0000000020000004                . = ALIGN (0x4)
                0x0000000020000004                _edata = .

.igot.plt       0x0000000020000004        0x0 load address 0x0000000008001e98
 .igot.plt      0x0000000020000004        0x0 c:/st/stm32cubeide_1.8.0/stm32cubeide/plugins/com.st.stm32cube.ide.mcu.externaltools.gnu-tools-for-stm32.9-2020-q2-update.win32_2.0.0.202105311346/tools/bin/../lib/gcc/arm-none-eabi/9.3.1/thumb/v6-m/nofp/crtbegin.o
                0x0000000020000004                . = ALIGN (0x4)

.bss            0x0000000020000004       0x38 load address 0x0000000008001e98
                0x0000000020000004                _sbss = .
                0x0000000020000004                __bss_start__ = _sbss
 *(.bss)
 .bss           0x0000000020000004       0x1c c:/st/stm32cubeide_1.8.0/stm32cubeide/plugins/com.st.stm32cube.ide.mcu.externaltools.gnu-tools-for-stm32.9-2020-q2-update.win32_2.0.0.202105311346/tools/bin/../lib/gcc/arm-none-eabi/9.3.1/thumb/v6-m/nofp/crtbegin.o
 *(.bss*)
 *(COMMON)
 COMMON         0x0000000020000020       0x1c ./Core/Src/main.o
                0x0000000020000020                led
                0x0000000020000028                buzzer
                0x0000000020000030                tens
                0x0000000020000034                aff1
                0x000000002000003c                . = ALIGN (0x4)
                0x000000002000003c                _ebss = .
                0x000000002000003c                __bss_end__ = _ebss

._user_heap_stack
                0x000000002000003c      0x604 load address 0x0000000008001e98
                0x0000000020000040                . = ALIGN (0x8)
 *fill*         0x000000002000003c        0x4 
                [!provide]                        PROVIDE (end = .)
                0x0000000020000040                PROVIDE (_end = .)
                0x0000000020000240                . = (. + _Min_Heap_Size)
 *fill*         0x0000000020000040      0x200 
                0x0000000020000640                . = (. + _Min_Stack_Size)
 *fill*         0x0000000020000240      0x400 
                0x0000000020000640                . = ALIGN (0x8)

/DISCARD/
 libc.a(*)
 libm.a(*)
 libgcc.a(*)

.ARM.attributes
                0x0000000000000000       0x28
 *(.ARM.attributes)
 .ARM.attributes
                0x0000000000000000       0x1e c:/st/stm32cubeide_1.8.0/stm32cubeide/plugins/com.st.stm32cube.ide.mcu.externaltools.gnu-tools-for-stm32.9-2020-q2-update.win32_2.0.0.202105311346/tools/bin/../lib/gcc/arm-none-eabi/9.3.1/thumb/v6-m/nofp/crti.o
 .ARM.attributes
                0x000000000000001e       0x2c c:/st/stm32cubeide_1.8.0/stm32cubeide/plugins/com.st.stm32cube.ide.mcu.externaltools.gnu-tools-for-stm32.9-2020-q2-update.win32_2.0.0.202105311346/tools/bin/../lib/gcc/arm-none-eabi/9.3.1/thumb/v6-m/nofp/crtbegin.o
 .ARM.attributes
                0x000000000000004a       0x2c ./Core/Inc/adc_init.o
 .ARM.attributes
                0x0000000000000076       0x2c ./Core/Inc/afficheur.o
 .ARM.attributes
                0x00000000000000a2       0x2c ./Core/Inc/buzzer.o
 .ARM.attributes
                0x00000000000000ce       0x2c ./Core/Inc/led.o
 .ARM.attributes
                0x00000000000000fa       0x2c ./Core/Src/main.o
 .ARM.attributes
                0x0000000000000126       0x2c ./Core/Src/stm32l0xx_it.o
 .ARM.attributes
                0x0000000000000152       0x2c ./Core/Src/system_stm32l0xx.o
 .ARM.attributes
                0x000000000000017e       0x22 ./Core/Startup/startup_stm32l053r8tx.o
 .ARM.attributes
                0x00000000000001a0       0x2c ./Drivers/STM32L0xx_HAL_Driver/Src/stm32l0xx_ll_exti.o
 .ARM.attributes
                0x00000000000001cc       0x2c ./Drivers/STM32L0xx_HAL_Driver/Src/stm32l0xx_ll_gpio.o
 .ARM.attributes
                0x00000000000001f8       0x2c ./Drivers/STM32L0xx_HAL_Driver/Src/stm32l0xx_ll_rcc.o
 .ARM.attributes
                0x0000000000000224       0x2c ./Drivers/STM32L0xx_HAL_Driver/Src/stm32l0xx_ll_usart.o
 .ARM.attributes
                0x0000000000000250       0x2c ./Drivers/STM32L0xx_HAL_Driver/Src/stm32l0xx_ll_utils.o
 .ARM.attributes
                0x000000000000027c       0x2c c:/st/stm32cubeide_1.8.0/stm32cubeide/plugins/com.st.stm32cube.ide.mcu.externaltools.gnu-tools-for-stm32.9-2020-q2-update.win32_2.0.0.202105311346/tools/bin/../lib/gcc/arm-none-eabi/9.3.1/../../../../arm-none-eabi/lib/thumb/v6-m/nofp\libc_nano.a(lib_a-init.o)
 .ARM.attributes
                0x00000000000002a8       0x2c c:/st/stm32cubeide_1.8.0/stm32cubeide/plugins/com.st.stm32cube.ide.mcu.externaltools.gnu-tools-for-stm32.9-2020-q2-update.win32_2.0.0.202105311346/tools/bin/../lib/gcc/arm-none-eabi/9.3.1/../../../../arm-none-eabi/lib/thumb/v6-m/nofp\libc_nano.a(lib_a-memset.o)
 .ARM.attributes
                0x00000000000002d4       0x1e c:/st/stm32cubeide_1.8.0/stm32cubeide/plugins/com.st.stm32cube.ide.mcu.externaltools.gnu-tools-for-stm32.9-2020-q2-update.win32_2.0.0.202105311346/tools/bin/../lib/gcc/arm-none-eabi/9.3.1/thumb/v6-m/nofp\libgcc.a(_udivsi3.o)
 .ARM.attributes
                0x00000000000002f2       0x1e c:/st/stm32cubeide_1.8.0/stm32cubeide/plugins/com.st.stm32cube.ide.mcu.externaltools.gnu-tools-for-stm32.9-2020-q2-update.win32_2.0.0.202105311346/tools/bin/../lib/gcc/arm-none-eabi/9.3.1/thumb/v6-m/nofp\libgcc.a(_dvmd_tls.o)
 .ARM.attributes
                0x0000000000000310       0x1e c:/st/stm32cubeide_1.8.0/stm32cubeide/plugins/com.st.stm32cube.ide.mcu.externaltools.gnu-tools-for-stm32.9-2020-q2-update.win32_2.0.0.202105311346/tools/bin/../lib/gcc/arm-none-eabi/9.3.1/thumb/v6-m/nofp/crtn.o
OUTPUT(PROJET_MP.elf elf32-littlearm)
LOAD linker stubs
LOAD c:/st/stm32cubeide_1.8.0/stm32cubeide/plugins/com.st.stm32cube.ide.mcu.externaltools.gnu-tools-for-stm32.9-2020-q2-update.win32_2.0.0.202105311346/tools/bin/../lib/gcc/arm-none-eabi/9.3.1/../../../../arm-none-eabi/lib/thumb/v6-m/nofp\libc.a
LOAD c:/st/stm32cubeide_1.8.0/stm32cubeide/plugins/com.st.stm32cube.ide.mcu.externaltools.gnu-tools-for-stm32.9-2020-q2-update.win32_2.0.0.202105311346/tools/bin/../lib/gcc/arm-none-eabi/9.3.1/../../../../arm-none-eabi/lib/thumb/v6-m/nofp\libm.a
LOAD c:/st/stm32cubeide_1.8.0/stm32cubeide/plugins/com.st.stm32cube.ide.mcu.externaltools.gnu-tools-for-stm32.9-2020-q2-update.win32_2.0.0.202105311346/tools/bin/../lib/gcc/arm-none-eabi/9.3.1/thumb/v6-m/nofp\libgcc.a

.debug_info     0x0000000000000000     0x43ac
 .debug_info    0x0000000000000000      0x396 ./Core/Inc/adc_init.o
 .debug_info    0x0000000000000396      0x421 ./Core/Inc/afficheur.o
 .debug_info    0x00000000000007b7      0x3e5 ./Core/Inc/buzzer.o
 .debug_info    0x0000000000000b9c      0x45f ./Core/Inc/led.o
 .debug_info    0x0000000000000ffb      0xccf ./Core/Src/main.o
 .debug_info    0x0000000000001cca      0x195 ./Core/Src/stm32l0xx_it.o
 .debug_info    0x0000000000001e5f      0x302 ./Core/Src/system_stm32l0xx.o
 .debug_info    0x0000000000002161       0x22 ./Core/Startup/startup_stm32l053r8tx.o
 .debug_info    0x0000000000002183      0x3cd ./Drivers/STM32L0xx_HAL_Driver/Src/stm32l0xx_ll_exti.o
 .debug_info    0x0000000000002550      0x658 ./Drivers/STM32L0xx_HAL_Driver/Src/stm32l0xx_ll_gpio.o
 .debug_info    0x0000000000002ba8      0x818 ./Drivers/STM32L0xx_HAL_Driver/Src/stm32l0xx_ll_rcc.o
 .debug_info    0x00000000000033c0      0x718 ./Drivers/STM32L0xx_HAL_Driver/Src/stm32l0xx_ll_usart.o
 .debug_info    0x0000000000003ad8      0x8d4 ./Drivers/STM32L0xx_HAL_Driver/Src/stm32l0xx_ll_utils.o

.debug_abbrev   0x0000000000000000     0x12d0
 .debug_abbrev  0x0000000000000000      0x127 ./Core/Inc/adc_init.o
 .debug_abbrev  0x0000000000000127      0x141 ./Core/Inc/afficheur.o
 .debug_abbrev  0x0000000000000268      0x152 ./Core/Inc/buzzer.o
 .debug_abbrev  0x00000000000003ba      0x18c ./Core/Inc/led.o
 .debug_abbrev  0x0000000000000546      0x249 ./Core/Src/main.o
 .debug_abbrev  0x000000000000078f       0x93 ./Core/Src/stm32l0xx_it.o
 .debug_abbrev  0x0000000000000822      0x116 ./Core/Src/system_stm32l0xx.o
 .debug_abbrev  0x0000000000000938       0x12 ./Core/Startup/startup_stm32l053r8tx.o
 .debug_abbrev  0x000000000000094a      0x1a0 ./Drivers/STM32L0xx_HAL_Driver/Src/stm32l0xx_ll_exti.o
 .debug_abbrev  0x0000000000000aea      0x1b5 ./Drivers/STM32L0xx_HAL_Driver/Src/stm32l0xx_ll_gpio.o
 .debug_abbrev  0x0000000000000c9f      0x214 ./Drivers/STM32L0xx_HAL_Driver/Src/stm32l0xx_ll_rcc.o
 .debug_abbrev  0x0000000000000eb3      0x1de ./Drivers/STM32L0xx_HAL_Driver/Src/stm32l0xx_ll_usart.o
 .debug_abbrev  0x0000000000001091      0x23f ./Drivers/STM32L0xx_HAL_Driver/Src/stm32l0xx_ll_utils.o

.debug_aranges  0x0000000000000000      0x5d8
 .debug_aranges
                0x0000000000000000       0x20 ./Core/Inc/adc_init.o
 .debug_aranges
                0x0000000000000020       0x28 ./Core/Inc/afficheur.o
 .debug_aranges
                0x0000000000000048       0x30 ./Core/Inc/buzzer.o
 .debug_aranges
                0x0000000000000078       0x48 ./Core/Inc/led.o
 .debug_aranges
                0x00000000000000c0       0xe8 ./Core/Src/main.o
 .debug_aranges
                0x00000000000001a8       0x40 ./Core/Src/stm32l0xx_it.o
 .debug_aranges
                0x00000000000001e8       0x28 ./Core/Src/system_stm32l0xx.o
 .debug_aranges
                0x0000000000000210       0x28 ./Core/Startup/startup_stm32l053r8tx.o
 .debug_aranges
                0x0000000000000238       0x70 ./Drivers/STM32L0xx_HAL_Driver/Src/stm32l0xx_ll_exti.o
 .debug_aranges
                0x00000000000002a8       0x70 ./Drivers/STM32L0xx_HAL_Driver/Src/stm32l0xx_ll_gpio.o
 .debug_aranges
                0x0000000000000318      0x148 ./Drivers/STM32L0xx_HAL_Driver/Src/stm32l0xx_ll_rcc.o
 .debug_aranges
                0x0000000000000460       0x88 ./Drivers/STM32L0xx_HAL_Driver/Src/stm32l0xx_ll_usart.o
 .debug_aranges
                0x00000000000004e8       0xf0 ./Drivers/STM32L0xx_HAL_Driver/Src/stm32l0xx_ll_utils.o

.debug_ranges   0x0000000000000000      0x510
 .debug_ranges  0x0000000000000000       0x10 ./Core/Inc/adc_init.o
 .debug_ranges  0x0000000000000010       0x18 ./Core/Inc/afficheur.o
 .debug_ranges  0x0000000000000028       0x20 ./Core/Inc/buzzer.o
 .debug_ranges  0x0000000000000048       0x38 ./Core/Inc/led.o
 .debug_ranges  0x0000000000000080       0xd8 ./Core/Src/main.o
 .debug_ranges  0x0000000000000158       0x30 ./Core/Src/stm32l0xx_it.o
 .debug_ranges  0x0000000000000188       0x18 ./Core/Src/system_stm32l0xx.o
 .debug_ranges  0x00000000000001a0       0x20 ./Core/Startup/startup_stm32l053r8tx.o
 .debug_ranges  0x00000000000001c0       0x60 ./Drivers/STM32L0xx_HAL_Driver/Src/stm32l0xx_ll_exti.o
 .debug_ranges  0x0000000000000220       0x60 ./Drivers/STM32L0xx_HAL_Driver/Src/stm32l0xx_ll_gpio.o
 .debug_ranges  0x0000000000000280      0x138 ./Drivers/STM32L0xx_HAL_Driver/Src/stm32l0xx_ll_rcc.o
 .debug_ranges  0x00000000000003b8       0x78 ./Drivers/STM32L0xx_HAL_Driver/Src/stm32l0xx_ll_usart.o
 .debug_ranges  0x0000000000000430       0xe0 ./Drivers/STM32L0xx_HAL_Driver/Src/stm32l0xx_ll_utils.o

.debug_macro    0x0000000000000000     0xdb7e
 .debug_macro   0x0000000000000000       0xb9 ./Core/Inc/adc_init.o
 .debug_macro   0x00000000000000b9      0xac0 ./Core/Inc/adc_init.o
 .debug_macro   0x0000000000000b79       0x28 ./Core/Inc/adc_init.o
 .debug_macro   0x0000000000000ba1       0x22 ./Core/Inc/adc_init.o
 .debug_macro   0x0000000000000bc3       0x8e ./Core/Inc/adc_init.o
 .debug_macro   0x0000000000000c51       0x51 ./Core/Inc/adc_init.o
 .debug_macro   0x0000000000000ca2      0x103 ./Core/Inc/adc_init.o
 .debug_macro   0x0000000000000da5       0x6a ./Core/Inc/adc_init.o
 .debug_macro   0x0000000000000e0f      0x1df ./Core/Inc/adc_init.o
 .debug_macro   0x0000000000000fee       0x1c ./Core/Inc/adc_init.o
 .debug_macro   0x000000000000100a       0x22 ./Core/Inc/adc_init.o
 .debug_macro   0x000000000000102c       0xb5 ./Core/Inc/adc_init.o
 .debug_macro   0x00000000000010e1      0x4da ./Core/Inc/adc_init.o
 .debug_macro   0x00000000000015bb      0x11f ./Core/Inc/adc_init.o
 .debug_macro   0x00000000000016da     0x9d1b ./Core/Inc/adc_init.o
 .debug_macro   0x000000000000b3f5       0xdf ./Core/Inc/afficheur.o
 .debug_macro   0x000000000000b4d4       0x2e ./Core/Inc/afficheur.o
 .debug_macro   0x000000000000b502       0x66 ./Core/Inc/afficheur.o
 .debug_macro   0x000000000000b568      0x103 ./Core/Inc/afficheur.o
 .debug_macro   0x000000000000b66b       0xb9 ./Core/Inc/buzzer.o
 .debug_macro   0x000000000000b724       0xb9 ./Core/Inc/led.o
 .debug_macro   0x000000000000b7dd      0x154 ./Core/Src/main.o
 .debug_macro   0x000000000000b931       0xde ./Core/Src/main.o
 .debug_macro   0x000000000000ba0f      0x424 ./Core/Src/main.o
 .debug_macro   0x000000000000be33       0xfb ./Core/Src/main.o
 .debug_macro   0x000000000000bf2e      0x179 ./Core/Src/main.o
 .debug_macro   0x000000000000c0a7      0x109 ./Core/Src/main.o
 .debug_macro   0x000000000000c1b0      0x18a ./Core/Src/main.o
 .debug_macro   0x000000000000c33a       0x2a ./Core/Src/main.o
 .debug_macro   0x000000000000c364       0xc2 ./Core/Src/main.o
 .debug_macro   0x000000000000c426      0x303 ./Core/Src/main.o
 .debug_macro   0x000000000000c729      0x2f7 ./Core/Src/main.o
 .debug_macro   0x000000000000ca20      0x12d ./Core/Src/main.o
 .debug_macro   0x000000000000cb4d       0x6a ./Core/Src/main.o
 .debug_macro   0x000000000000cbb7      0x146 ./Core/Src/stm32l0xx_it.o
 .debug_macro   0x000000000000ccfd       0xc4 ./Core/Src/system_stm32l0xx.o
 .debug_macro   0x000000000000cdc1       0xeb ./Drivers/STM32L0xx_HAL_Driver/Src/stm32l0xx_ll_exti.o
 .debug_macro   0x000000000000ceac      0x106 ./Drivers/STM32L0xx_HAL_Driver/Src/stm32l0xx_ll_gpio.o
 .debug_macro   0x000000000000cfb2      0x127 ./Drivers/STM32L0xx_HAL_Driver/Src/stm32l0xx_ll_gpio.o
 .debug_macro   0x000000000000d0d9       0xf7 ./Drivers/STM32L0xx_HAL_Driver/Src/stm32l0xx_ll_rcc.o
 .debug_macro   0x000000000000d1d0      0x41e ./Drivers/STM32L0xx_HAL_Driver/Src/stm32l0xx_ll_rcc.o
 .debug_macro   0x000000000000d5ee      0x133 ./Drivers/STM32L0xx_HAL_Driver/Src/stm32l0xx_ll_usart.o
 .debug_macro   0x000000000000d721      0x2f1 ./Drivers/STM32L0xx_HAL_Driver/Src/stm32l0xx_ll_usart.o
 .debug_macro   0x000000000000da12      0x16c ./Drivers/STM32L0xx_HAL_Driver/Src/stm32l0xx_ll_utils.o

.debug_line     0x0000000000000000     0x5530
 .debug_line    0x0000000000000000      0x4a4 ./Core/Inc/adc_init.o
 .debug_line    0x00000000000004a4      0x942 ./Core/Inc/afficheur.o
 .debug_line    0x0000000000000de6      0x4e4 ./Core/Inc/buzzer.o
 .debug_line    0x00000000000012ca      0x55b ./Core/Inc/led.o
 .debug_line    0x0000000000001825      0x9aa ./Core/Src/main.o
 .debug_line    0x00000000000021cf      0x602 ./Core/Src/stm32l0xx_it.o
 .debug_line    0x00000000000027d1      0x525 ./Core/Src/system_stm32l0xx.o
 .debug_line    0x0000000000002cf6       0x89 ./Core/Startup/startup_stm32l053r8tx.o
 .debug_line    0x0000000000002d7f      0x60e ./Drivers/STM32L0xx_HAL_Driver/Src/stm32l0xx_ll_exti.o
 .debug_line    0x000000000000338d      0x653 ./Drivers/STM32L0xx_HAL_Driver/Src/stm32l0xx_ll_gpio.o
 .debug_line    0x00000000000039e0      0xb2b ./Drivers/STM32L0xx_HAL_Driver/Src/stm32l0xx_ll_rcc.o
 .debug_line    0x000000000000450b      0x6dd ./Drivers/STM32L0xx_HAL_Driver/Src/stm32l0xx_ll_usart.o
 .debug_line    0x0000000000004be8      0x948 ./Drivers/STM32L0xx_HAL_Driver/Src/stm32l0xx_ll_utils.o

.debug_str      0x0000000000000000    0x473af
 .debug_str     0x0000000000000000    0x3cbe2 ./Core/Inc/adc_init.o
                                      0x3cdd0 (size before relaxing)
 .debug_str     0x000000000003cbe2      0xb08 ./Core/Inc/afficheur.o
                                      0x3d84c (size before relaxing)
 .debug_str     0x000000000003d6ea       0x54 ./Core/Inc/buzzer.o
                                      0x3cddb (size before relaxing)
 .debug_str     0x000000000003d73e       0x5c ./Core/Inc/led.o
                                      0x3cde3 (size before relaxing)
 .debug_str     0x000000000003d79a     0x76e0 ./Core/Src/main.o
                                      0x44fbf (size before relaxing)
 .debug_str     0x0000000000044e7a       0x76 ./Core/Src/stm32l0xx_it.o
                                      0x44a5e (size before relaxing)
 .debug_str     0x0000000000044ef0       0x61 ./Core/Src/system_stm32l0xx.o
                                      0x3d314 (size before relaxing)
 .debug_str     0x0000000000044f51       0x36 ./Core/Startup/startup_stm32l053r8tx.o
                                         0x69 (size before relaxing)
 .debug_str     0x0000000000044f87      0x35f ./Drivers/STM32L0xx_HAL_Driver/Src/stm32l0xx_ll_exti.o
                                      0x3dadb (size before relaxing)
 .debug_str     0x00000000000452e6      0x520 ./Drivers/STM32L0xx_HAL_Driver/Src/stm32l0xx_ll_gpio.o
                                      0x3e669 (size before relaxing)
 .debug_str     0x0000000000045806      0x621 ./Drivers/STM32L0xx_HAL_Driver/Src/stm32l0xx_ll_rcc.o
                                      0x3f559 (size before relaxing)
 .debug_str     0x0000000000045e27      0x87c ./Drivers/STM32L0xx_HAL_Driver/Src/stm32l0xx_ll_usart.o
                                      0x40f45 (size before relaxing)
 .debug_str     0x00000000000466a3      0xd0c ./Drivers/STM32L0xx_HAL_Driver/Src/stm32l0xx_ll_utils.o
                                      0x40cb6 (size before relaxing)

.comment        0x0000000000000000       0x53
 .comment       0x0000000000000000       0x53 ./Core/Inc/adc_init.o
                                         0x54 (size before relaxing)
 .comment       0x0000000000000053       0x54 ./Core/Inc/afficheur.o
 .comment       0x0000000000000053       0x54 ./Core/Inc/buzzer.o
 .comment       0x0000000000000053       0x54 ./Core/Inc/led.o
 .comment       0x0000000000000053       0x54 ./Core/Src/main.o
 .comment       0x0000000000000053       0x54 ./Core/Src/stm32l0xx_it.o
 .comment       0x0000000000000053       0x54 ./Core/Src/system_stm32l0xx.o
 .comment       0x0000000000000053       0x54 ./Drivers/STM32L0xx_HAL_Driver/Src/stm32l0xx_ll_exti.o
 .comment       0x0000000000000053       0x54 ./Drivers/STM32L0xx_HAL_Driver/Src/stm32l0xx_ll_gpio.o
 .comment       0x0000000000000053       0x54 ./Drivers/STM32L0xx_HAL_Driver/Src/stm32l0xx_ll_rcc.o
 .comment       0x0000000000000053       0x54 ./Drivers/STM32L0xx_HAL_Driver/Src/stm32l0xx_ll_usart.o
 .comment       0x0000000000000053       0x54 ./Drivers/STM32L0xx_HAL_Driver/Src/stm32l0xx_ll_utils.o

.debug_frame    0x0000000000000000     0x12c8
 .debug_frame   0x0000000000000000       0x30 ./Core/Inc/adc_init.o
 .debug_frame   0x0000000000000030       0x54 ./Core/Inc/afficheur.o
 .debug_frame   0x0000000000000084       0x70 ./Core/Inc/buzzer.o
 .debug_frame   0x00000000000000f4       0xd0 ./Core/Inc/led.o
 .debug_frame   0x00000000000001c4      0x338 ./Core/Src/main.o
 .debug_frame   0x00000000000004fc       0x9c ./Core/Src/stm32l0xx_it.o
 .debug_frame   0x0000000000000598       0x4c ./Core/Src/system_stm32l0xx.o
 .debug_frame   0x00000000000005e4      0x16c ./Drivers/STM32L0xx_HAL_Driver/Src/stm32l0xx_ll_exti.o
 .debug_frame   0x0000000000000750      0x170 ./Drivers/STM32L0xx_HAL_Driver/Src/stm32l0xx_ll_gpio.o
 .debug_frame   0x00000000000008c0      0x488 ./Drivers/STM32L0xx_HAL_Driver/Src/stm32l0xx_ll_rcc.o
 .debug_frame   0x0000000000000d48      0x1d0 ./Drivers/STM32L0xx_HAL_Driver/Src/stm32l0xx_ll_usart.o
 .debug_frame   0x0000000000000f18      0x344 ./Drivers/STM32L0xx_HAL_Driver/Src/stm32l0xx_ll_utils.o
 .debug_frame   0x000000000000125c       0x2c c:/st/stm32cubeide_1.8.0/stm32cubeide/plugins/com.st.stm32cube.ide.mcu.externaltools.gnu-tools-for-stm32.9-2020-q2-update.win32_2.0.0.202105311346/tools/bin/../lib/gcc/arm-none-eabi/9.3.1/../../../../arm-none-eabi/lib/thumb/v6-m/nofp\libc_nano.a(lib_a-init.o)
 .debug_frame   0x0000000000001288       0x20 c:/st/stm32cubeide_1.8.0/stm32cubeide/plugins/com.st.stm32cube.ide.mcu.externaltools.gnu-tools-for-stm32.9-2020-q2-update.win32_2.0.0.202105311346/tools/bin/../lib/gcc/arm-none-eabi/9.3.1/../../../../arm-none-eabi/lib/thumb/v6-m/nofp\libc_nano.a(lib_a-memset.o)
 .debug_frame   0x00000000000012a8       0x20 c:/st/stm32cubeide_1.8.0/stm32cubeide/plugins/com.st.stm32cube.ide.mcu.externaltools.gnu-tools-for-stm32.9-2020-q2-update.win32_2.0.0.202105311346/tools/bin/../lib/gcc/arm-none-eabi/9.3.1/thumb/v6-m/nofp\libgcc.a(_udivsi3.o)
